// Jest Snapshot v1, https://goo.gl/fbAQLP

exports[`Navigation Renders correctly 1`] = `
<div
  className="makeStyles-root-1"
>
  <nav
    className="makeStyles-navigation-2"
  >
    <div
      className="makeStyles-root-4"
    >
      <a
        href="https://www.d1.cx/"
      >
        <img
          alt="D1"
          height={22}
          src="logotipo.png"
        />
      </a>
    </div>
    <div
      className="makeStyles-content-3"
    >
      <div>
        <div
          className="makeStyles-button-5"
        >
          <div
            className="makeStyles-content-6"
          >
            <div
              aria-describedby={null}
              className=""
              onBlur={[Function]}
              onFocus={[Function]}
              onMouseLeave={[Function]}
              onMouseOver={[Function]}
              onTouchEnd={[Function]}
              onTouchStart={[Function]}
              title="Análises"
            >
              <svg
                className="makeStyles-root-10 makeStyles-root-11 makeStyles-icon-7"
              >
                chart-pie.svg
              </svg>
            </div>
          </div>
        </div>
        <div
          className="makeStyles-button-5"
        >
          <div
            className="makeStyles-content-6"
          >
            <div
              aria-describedby={null}
              className=""
              onBlur={[Function]}
              onFocus={[Function]}
              onMouseLeave={[Function]}
              onMouseOver={[Function]}
              onTouchEnd={[Function]}
              onTouchStart={[Function]}
              title="Jornadas"
            >
              <svg
                className="makeStyles-root-10 makeStyles-root-12 makeStyles-icon-7"
              >
                rocket.svg
              </svg>
            </div>
          </div>
        </div>
        <div
          className="makeStyles-button-5"
        >
          <div
            className="makeStyles-content-6"
          >
            <div
              aria-describedby={null}
              className=""
              onBlur={[Function]}
              onFocus={[Function]}
              onMouseLeave={[Function]}
              onMouseOver={[Function]}
              onTouchEnd={[Function]}
              onTouchStart={[Function]}
              title="Clientes"
            >
              <svg
                className="makeStyles-root-10 makeStyles-root-13 makeStyles-icon-7"
              >
                user-friends.svg
              </svg>
            </div>
          </div>
        </div>
        <div
          className="makeStyles-button-5"
        >
          <div
            className="makeStyles-content-6 selected"
          >
            <div
              aria-describedby={null}
              className=""
              onBlur={[Function]}
              onFocus={[Function]}
              onMouseLeave={[Function]}
              onMouseOver={[Function]}
              onTouchEnd={[Function]}
              onTouchStart={[Function]}
              title="CCM Cloud"
            >
              <svg
                className="makeStyles-root-10 makeStyles-root-14 makeStyles-icon-7"
              >
                ccm-cloud.svg
              </svg>
            </div>
          </div>
        </div>
        <div
          className="makeStyles-button-5"
        >
          <div
            className="makeStyles-content-6"
          >
            <div
              aria-describedby={null}
              className=""
              onBlur={[Function]}
              onFocus={[Function]}
              onMouseLeave={[Function]}
              onMouseOver={[Function]}
              onTouchEnd={[Function]}
              onTouchStart={[Function]}
              title="Versão 01"
            >
              <svg
                className="makeStyles-root-10 makeStyles-root-15 makeStyles-icon-7"
              >
                external-link-square-alt.svg
              </svg>
            </div>
          </div>
        </div>
      </div>
      <div>
        <div
          className="makeStyles-button-5"
        >
          <div
            className="makeStyles-content-6"
          >
            <div
              aria-describedby={null}
              className=""
              onBlur={[Function]}
              onFocus={[Function]}
              onMouseLeave={[Function]}
              onMouseOver={[Function]}
              onTouchEnd={[Function]}
              onTouchStart={[Function]}
              title="Administração"
            >
              <svg
                className="makeStyles-root-10 makeStyles-root-16 makeStyles-icon-7"
              >
                gem-solid.svg
              </svg>
            </div>
          </div>
        </div>
        <div
          className="makeStyles-button-5"
        >
          <div
            className="makeStyles-content-6"
          >
            <div
              aria-describedby={null}
              className=""
              onBlur={[Function]}
              onFocus={[Function]}
              onMouseLeave={[Function]}
              onMouseOver={[Function]}
              onTouchEnd={[Function]}
              onTouchStart={[Function]}
              title="Help Desk"
            >
              <svg
                className="makeStyles-root-10 makeStyles-root-17 makeStyles-icon-7"
              >
                tools.svg
              </svg>
            </div>
          </div>
        </div>
        <div
          className="makeStyles-button-5"
        >
          <div
            className="makeStyles-content-6"
          >
            <div
              aria-describedby={null}
              className=""
              onBlur={[Function]}
              onFocus={[Function]}
              onMouseLeave={[Function]}
              onMouseOver={[Function]}
              onTouchEnd={[Function]}
              onTouchStart={[Function]}
              title="Trocar Conta"
            >
              <svg
                className="makeStyles-root-10 makeStyles-root-18 makeStyles-icon-7"
              >
                exchange-alt.svg
              </svg>
            </div>
          </div>
        </div>
        <div
          className="makeStyles-button-5"
        >
          <div
            className="makeStyles-content-6"
          >
            <div
              aria-describedby={null}
              className=""
              onBlur={[Function]}
              onFocus={[Function]}
              onMouseLeave={[Function]}
              onMouseOver={[Function]}
              onTouchEnd={[Function]}
              onTouchStart={[Function]}
              title="Sair"
            >
              <svg
                className="makeStyles-root-10 makeStyles-root-19 makeStyles-icon-7"
              >
                sign-out-alt.svg
              </svg>
            </div>
          </div>
        </div>
      </div>
    </div>
  </nav>
</div>
`;
